[stockpulsefx.techvardha.com/index.html]
[backblue.gif]
[fade.gif]
[index.html]
[lovable.dev/opengraph-image-p98pqg.png]
[stockpulsefx.techvardha.com/index.html]
[stockpulsefx.techvardha.com/assets/index-BfYkFucf.css]
[stockpulsefx.techvardha.com/assets/index-B1KGZ00m.js]
[stockpulsefx.techvardha.com/assets/steps-CItKYbv_.js]
[stockpulsefx.techvardha.com/assets/chart-column-BwH54zLG.js]
[stockpulsefx.techvardha.com/assets/globe-B5ier1Bn.js]
[stockpulsefx.techvardha.com/assets/zap-ClZg8-XC.js]
[stockpulsefx.techvardha.com/assets/circle-dollar-sign-CAIlIchl.js]
[stockpulsefx.techvardha.com/assets/clock-BkqkzQ-s.js]
[stockpulsefx.techvardha.com/assets/NSE-A46PKTKA.js]
[stockpulsefx.techvardha.com/assets/custom-accordion-BMMKqxDG.js]
[stockpulsefx.techvardha.com/assets/stock-table-Dn-7gkOb.js]
[stockpulsefx.techvardha.com/assets/card-CJP6eVi9.js]
[stockpulsefx.techvardha.com/assets/MCX-gM8sFNvT.js]
[stockpulsefx.techvardha.com/assets/Forex-CgUVjs8n.js]
[stockpulsefx.techvardha.com/assets/USStocks-ClkEZO_T.js]
[stockpulsefx.techvardha.com/assets/Cryptos-DaUUjbPz.js]
[stockpulsefx.techvardha.com/assets/Comex-rDCSdiCi.js]
[stockpulsefx.techvardha.com/assets/Intraday-BIuUw1Vf.js]
[stockpulsefx.techvardha.com/assets/ZeroDepoWithraw-ovqPycSG.js]
[stockpulsefx.techvardha.com/assets/indian-rupee-ro5RaeVm.js]
[stockpulsefx.techvardha.com/assets/shield-jRhwcJ9B.js]
[stockpulsefx.techvardha.com/assets/Margin-CEhU1JB7.js]
[stockpulsefx.techvardha.com/assets/WhyUs-nr3R4gZ5.js]
[stockpulsefx.techvardha.com/assets/Regulations-BjLkemTR.js]
[stockpulsefx.techvardha.com/p,h.html]
[stockpulsefx.techvardha.com/$&/index.html]
[stockpulsefx.techvardha.com/t.html]
[stockpulsefx.techvardha.com/t-2.html]
[stockpulsefx.techvardha.com/r.html]
[stockpulsefx.techvardha.com/window.location.html]
[stockpulsefx.techvardha.com/m.html]
[stockpulsefx.techvardha.com/u.html]
[stockpulsefx.techvardha.com/Home-CZaHdPrq.html]
[stockpulsefx.techvardha.com/dist/index.html]
[stockpulsefx.techvardha.com/NSE-A46PKTKA.html]
[stockpulsefx.techvardha.com/MCX-gM8sFNvT.html]
[stockpulsefx.techvardha.com/Forex-CgUVjs8n.html]
[stockpulsefx.techvardha.com/USStocks-ClkEZO_T.html]
[stockpulsefx.techvardha.com/Cryptos-DaUUjbPz.html]
[stockpulsefx.techvardha.com/Comex-rDCSdiCi.html]
[stockpulsefx.techvardha.com/Intraday-BIuUw1Vf.html]
[stockpulsefx.techvardha.com/Margin-CEhU1JB7.html]
[stockpulsefx.techvardha.com/WhyUs-nr3R4gZ5.html]
[stockpulsefx.techvardha.com/Regulations-BjLkemTR.html]
[stockpulsefx.techvardha.com/Contact-D_GWRP79.html]
[stockpulsefx.techvardha.com/assets/index-B1KGZ00m.js]
[stockpulsefx.techvardha.com/assets/index-BfYkFucf.css]
[stockpulsefx.techvardha.com/assets/images/trading-hero-bg.jpg]
[stockpulsefx.techvardha.com/assets/trading-hero-bg-Cr4hsduN.js]
[stockpulsefx.techvardha.com/assets/steps-CItKYbv_.js]
[stockpulsefx.techvardha.com/assets/chart-column-BwH54zLG.js]
[stockpulsefx.techvardha.com/assets/globe-B5ier1Bn.js]
[stockpulsefx.techvardha.com/assets/zap-ClZg8-XC.js]
[stockpulsefx.techvardha.com/assets/circle-dollar-sign-CAIlIchl.js]
[stockpulsefx.techvardha.com/assets/clock-BkqkzQ-s.js]
[stockpulsefx.techvardha.com/assets/images/nse-hero-bg.jpg]
[stockpulsefx.techvardha.com/assets/NSE-A46PKTKA.js]
[stockpulsefx.techvardha.com/assets/${a}.html]
[stockpulsefx.techvardha.com/assets/custom-accordion-BMMKqxDG.js]
[stockpulsefx.techvardha.com/assets/stock-table-Dn-7gkOb.js]
[stockpulsefx.techvardha.com/assets/card-CJP6eVi9.js]
[stockpulsefx.techvardha.com/assets/images/mcx-hero-bg.jpg]
[stockpulsefx.techvardha.com/assets/MCX-gM8sFNvT.js]
[stockpulsefx.techvardha.com/assets/images/forex-hero-bg.jpg]
[stockpulsefx.techvardha.com/assets/Forex-CgUVjs8n.js]
[stockpulsefx.techvardha.com/assets/images/us-stocks-hero-bg.jpg]
[stockpulsefx.techvardha.com/assets/USStocks-ClkEZO_T.js]
[stockpulsefx.techvardha.com/assets/images/cryptos-hero-bg.jpg]
[stockpulsefx.techvardha.com/assets/Cryptos-DaUUjbPz.js]
[stockpulsefx.techvardha.com/assets/images/comex-hero-bg.jpg]
[stockpulsefx.techvardha.com/assets/Comex-rDCSdiCi.js]
[stockpulsefx.techvardha.com/assets/images/intraday-hero-bg.jpg]
[stockpulsefx.techvardha.com/assets/${p}.html]
[stockpulsefx.techvardha.com/assets/Intraday-BIuUw1Vf.js]
[stockpulsefx.techvardha.com/assets/ZeroDepoWithraw-ovqPycSG.js]
[stockpulsefx.techvardha.com/assets/indian-rupee-ro5RaeVm.js]
[stockpulsefx.techvardha.com/assets/shield-jRhwcJ9B.js]
[stockpulsefx.techvardha.com/assets/svgs/zero_deposit_withdrawal.svg]
[stockpulsefx.techvardha.com/assets/${n}.html]
[stockpulsefx.techvardha.com/assets/Margin-CEhU1JB7.js]
[stockpulsefx.techvardha.com/assets/WhyUs-nr3R4gZ5.js]
[stockpulsefx.techvardha.com/assets/Regulations-BjLkemTR.js]
[stockpulsefx.techvardha.com/$&/index.html]
[stockpulsefx.techvardha.com/p,h.html]
[stockpulsefx.techvardha.com/t.html]
[stockpulsefx.techvardha.com/t-2.html]
[stockpulsefx.techvardha.com/r.html]
[stockpulsefx.techvardha.com/window.location.html]
[stockpulsefx.techvardha.com/m.html]
[stockpulsefx.techvardha.com/u.html]
[stockpulsefx.techvardha.com/dist/index.html]
[stockpulsefx.techvardha.com/Home-CZaHdPrq.html]
[stockpulsefx.techvardha.com/NSE-A46PKTKA.html]
[stockpulsefx.techvardha.com/MCX-gM8sFNvT.html]
[stockpulsefx.techvardha.com/Forex-CgUVjs8n.html]
[stockpulsefx.techvardha.com/USStocks-ClkEZO_T.html]
[stockpulsefx.techvardha.com/Cryptos-DaUUjbPz.html]
[stockpulsefx.techvardha.com/Comex-rDCSdiCi.html]
[stockpulsefx.techvardha.com/Intraday-BIuUw1Vf.html]
[stockpulsefx.techvardha.com/Margin-CEhU1JB7.html]
[stockpulsefx.techvardha.com/WhyUs-nr3R4gZ5.html]
[stockpulsefx.techvardha.com/Regulations-BjLkemTR.html]
[stockpulsefx.techvardha.com/Contact-D_GWRP79.html]
[stockpulsefx.techvardha.com/assets/${a}.html]
[stockpulsefx.techvardha.com/assets/${p}.html]
[stockpulsefx.techvardha.com/assets/svgs/zero_deposit_withdrawal.svg]
[stockpulsefx.techvardha.com/assets/${n}.html]
